$ sfdx force:config
Usage: sfdx force:config:COMMAND [command-specific-options]

configure the Salesforce CLI

sfdx force:config commands: (get help with sfdx help force:config:COMMAND)
 force:config:get   get config var values for given names
 force:config:list  list config vars for the Salesforce CLI
 force:config:set   set config vars for the Salesforce CLI

~/github/github-page/mohan-chinnappan-n.github.io/dx:
$ sfdx force:config:list
=== Config
NAME                   VALUE   LOCATION
─────────────────────  ──────  ────────
defaultdevhubusername  DevHub  Global
~/github/github-page/mohan-chinnappan-n.github.io/dx:
$ sfdx force --help
Usage: sfdx force: [-v] [--json] [--loglevel <string>] [flags]

Flags:
 -v, --version        display the Salesforce API version
 --json               format output as json
 --loglevel LOGLEVEL  logging level for this command invocation
                      (error*,trace,debug,info,warn,fatal)

Usage: sfdx force:COMMAND

Help topics, type sfdx help TOPIC for more details:

 force:alias        manage username aliases
 force:apex         work with Apex code
 force:auth         authorize an org for use with the Salesforce CLI
 force:config       configure the Salesforce CLI
 force:data         manipulate records in your org
 force:doc          display help for force commands
 force:lightning    create and test Lightning component bundles
 force:limits       view your org’s limits
 force:mdapi        retrieve and deploy metadata using Metadata API
 force:org          manage your Salesforce DX orgs
 force:package      install and uninstall first- and second-generation packages
 force:package1     develop first-generation managed and unmanaged packages
 force:package2     develop second-generation packages
 force:project      set up a Salesforce DX project
 force:schema       view standard and custom objects
 force:source       sync your project with your orgs
 force:user         perform user-related admin tasks
 force:visualforce  create and edit Visualforce files

~/github/github-page/mohan-chinnappan-n.github.io/dx:
$ sfdx force:auth -h
Usage: sfdx force:auth:COMMAND [command-specific-options]

authorize an org for use with the Salesforce CLI

sfdx force:auth commands: (get help with sfdx help force:auth:COMMAND)
 force:auth:jwt:grant      authorize an org using the JWT flow
 force:auth:sfdxurl:store  authorize an org using an SFDX auth URL
 force:auth:web:login      authorize an org using the web login flow

~/github/github-page/mohan-chinnappan-n.github.io/dx:
$ sfdx force:auth:web:login
Successfully authorized mohan.chinnappan.n2.devhub@gmail.com with org ID 00D1I000003nO9oUAE
You may now close the browser
~/github/github-page/mohan-chinnappan-n.github.io/dx:
$ sfdx force:org -h
Usage: sfdx force:org:COMMAND [command-specific-options]

manage your Salesforce DX orgs

sfdx force:org commands: (get help with sfdx help force:org:COMMAND)
 force:org:create        create a scratch org
 force:org:delete        mark a scratch org for deletion
 force:org:display       get org description
 force:org:list          list all orgs you’ve created or authenticated to
 force:org:open          open an org in your browser
 force:org:shape:create  create a snapshot of org edition, features, and licenses
 force:org:shape:delete  delete all org shapes for a target org
 force:org:shape:list    list all org shapes you’ve created

~/github/github-page/mohan-chinnappan-n.github.io/dx:
$ sfdx force:org:create -h
Usage: sfdx force:org:create name=value... [-f <filepath>] [-n] [-c] [-i <string>] [-s] [-a <string>] [-w <minutes>] [-d <number>] [-v <string>] [--json] [--loglevel <string>]

create a scratch org

Flags:
 -i, --clientid CLIENTID                          connected app consumer key
 -f, --definitionfile DEFINITIONFILE              path to a scratch org
                                                  definition file
 -d, --durationdays DURATIONDAYS                  duration of the scratch org
                                                  (in days) (default:7, min:1,
                                                  max:30)
 -c, --noancestors                                do not include
                                                  second-generation package
                                                  ancestors in the scratch org
 -n, --nonamespace                                creates the scratch org with
                                                  no namespace
 -a, --setalias SETALIAS                          set an alias for for the
                                                  created scratch org
 -s, --setdefaultusername                         set the created org as the
                                                  default username
 -v, --targetdevhubusername TARGETDEVHUBUSERNAME  username or alias for the dev
                                                  hub org; overrides default dev
                                                  hub org
 -w, --wait WAIT                                  the streaming client socket
                                                  timeout (in minutes)
                                                  (default:6, min:2)
 --json                                           format output as json
 --loglevel LOGLEVEL                              logging level for this command
                                                  invocation
                                                  (error*,trace,debug,info,warn,fatal)

To set up a connected app for your new scratch org, specify the value that was returned when you created a connected app in your Dev Hub org as --clientid.

Examples:
   $ sfdx force:org:create -f config/enterprise-scratch-def.json -a TestOrg1
   $ sfdx force:org:create -a MyDevOrg -s -v me@myhub.org edition=Developer
   $ sfdx force:org:create -f config/enterprise-scratch-def.json -a OrgWithOverrides username=testuser1@mycompany.org

~/github/github-page/mohan-chinnappan-n.github.io/dx:
$ sfdx force:org:create -h name=mohansun_sorg_1
Usage: sfdx force:org:create name=value... [-f <filepath>] [-n] [-c] [-i <string>] [-s] [-a <string>] [-w <minutes>] [-d <number>] [-v <string>] [--json] [--loglevel <string>]

create a scratch org

Flags:
 -i, --clientid CLIENTID                          connected app consumer key
 -f, --definitionfile DEFINITIONFILE              path to a scratch org
                                                  definition file
 -d, --durationdays DURATIONDAYS                  duration of the scratch org
                                                  (in days) (default:7, min:1,
                                                  max:30)
 -c, --noancestors                                do not include
                                                  second-generation package
                                                  ancestors in the scratch org
 -n, --nonamespace                                creates the scratch org with
                                                  no namespace
 -a, --setalias SETALIAS                          set an alias for for the
                                                  created scratch org
 -s, --setdefaultusername                         set the created org as the
                                                  default username
 -v, --targetdevhubusername TARGETDEVHUBUSERNAME  username or alias for the dev
                                                  hub org; overrides default dev
                                                  hub org
 -w, --wait WAIT                                  the streaming client socket
                                                  timeout (in minutes)
                                                  (default:6, min:2)
 --json                                           format output as json
 --loglevel LOGLEVEL                              logging level for this command
                                                  invocation
                                                  (error*,trace,debug,info,warn,fatal)

To set up a connected app for your new scratch org, specify the value that was returned when you created a connected app in your Dev Hub org as --clientid.

Examples:
   $ sfdx force:org:create -f config/enterprise-scratch-def.json -a TestOrg1
   $ sfdx force:org:create -a MyDevOrg -s -v me@myhub.org edition=Developer
   $ sfdx force:org:create -f config/enterprise-scratch-def.json -a OrgWithOverrides username=testuser1@mycompany.org

~/github/github-page/mohan-chinnappan-n.github.io/dx:
$ vi prj-sorg-def.json
~/github/github-page/mohan-chinnappan-n.github.io/dx:
$ cat prj-sorg-def.json | jq
~/github/github-page/mohan-chinnappan-n.github.io/dx:
$ !vi
vi prj-sorg-def.json
~/github/github-page/mohan-chinnappan-n.github.io/dx:
$ !c
cat prj-sorg-def.json | jq
{
  "orgName": "Mohansun company",
  "edition": "Developer",
  "orgPreferences": {}
}
~/github/github-page/mohan-chinnappan-n.github.io/dx:
$ sfdx force:org:create -h name=mohansun_sorg_1 -f prj-sorg-def.json
Usage: sfdx force:org:create name=value... [-f <filepath>] [-n] [-c] [-i <string>] [-s] [-a <string>] [-w <minutes>] [-d <number>] [-v <string>] [--json] [--loglevel <string>]

create a scratch org

Flags:
 -i, --clientid CLIENTID                          connected app consumer key
 -f, --definitionfile DEFINITIONFILE              path to a scratch org
                                                  definition file
 -d, --durationdays DURATIONDAYS                  duration of the scratch org
                                                  (in days) (default:7, min:1,
                                                  max:30)
 -c, --noancestors                                do not include
                                                  second-generation package
                                                  ancestors in the scratch org
 -n, --nonamespace                                creates the scratch org with
                                                  no namespace
 -a, --setalias SETALIAS                          set an alias for for the
                                                  created scratch org
 -s, --setdefaultusername                         set the created org as the
                                                  default username
 -v, --targetdevhubusername TARGETDEVHUBUSERNAME  username or alias for the dev
                                                  hub org; overrides default dev
                                                  hub org
 -w, --wait WAIT                                  the streaming client socket
                                                  timeout (in minutes)
                                                  (default:6, min:2)
 --json                                           format output as json
 --loglevel LOGLEVEL                              logging level for this command
                                                  invocation
                                                  (error*,trace,debug,info,warn,fatal)

To set up a connected app for your new scratch org, specify the value that was returned when you created a connected app in your Dev Hub org as --clientid.

Examples:
   $ sfdx force:org:create -f config/enterprise-scratch-def.json -a TestOrg1
   $ sfdx force:org:create -a MyDevOrg -s -v me@myhub.org edition=Developer
   $ sfdx force:org:create -f config/enterprise-scratch-def.json -a OrgWithOverrides username=testuser1@mycompany.org

~/github/github-page/mohan-chinnappan-n.github.io/dx:
$ sfdx force:org:create  name=mohansun_sorg_1
ERROR:  Failed to decipher auth data. reason: Unsupported state or unable to authenticate data.
~/github/github-page/mohan-chinnappan-n.github.io/dx:
$ sfdx force:org:create -h name=mohansun_sorg_1 -f prj-sorg-def.json
Usage: sfdx force:org:create name=value... [-f <filepath>] [-n] [-c] [-i <string>] [-s] [-a <string>] [-w <minutes>] [-d <number>] [-v <string>] [--json] [--loglevel <string>]

create a scratch org

Flags:
 -i, --clientid CLIENTID                          connected app consumer key
 -f, --definitionfile DEFINITIONFILE              path to a scratch org
                                                  definition file
 -d, --durationdays DURATIONDAYS                  duration of the scratch org
                                                  (in days) (default:7, min:1,
                                                  max:30)
 -c, --noancestors                                do not include
                                                  second-generation package
                                                  ancestors in the scratch org
 -n, --nonamespace                                creates the scratch org with
                                                  no namespace
 -a, --setalias SETALIAS                          set an alias for for the
                                                  created scratch org
 -s, --setdefaultusername                         set the created org as the
                                                  default username
 -v, --targetdevhubusername TARGETDEVHUBUSERNAME  username or alias for the dev
                                                  hub org; overrides default dev
                                                  hub org
 -w, --wait WAIT                                  the streaming client socket
                                                  timeout (in minutes)
                                                  (default:6, min:2)
 --json                                           format output as json
 --loglevel LOGLEVEL                              logging level for this command
                                                  invocation
                                                  (error*,trace,debug,info,warn,fatal)

To set up a connected app for your new scratch org, specify the value that was returned when you created a connected app in your Dev Hub org as --clientid.

Examples:
   $ sfdx force:org:create -f config/enterprise-scratch-def.json -a TestOrg1
   $ sfdx force:org:create -a MyDevOrg -s -v me@myhub.org edition=Developer
   $ sfdx force:org:create -f config/enterprise-scratch-def.json -a OrgWithOverrides username=testuser1@mycompany.org

~/github/github-page/mohan-chinnappan-n.github.io/dx:
$ sfdx force:org:create  name=mohansun_sorg_1 -f prj-sorg-def.json
ERROR:  Failed to decipher auth data. reason: Unsupported state or unable to authenticate data.
~/github/github-page/mohan-chinnappan-n.github.io/dx:
$ sfdx force:org:create -s name=mohansun_sorg_1 -f prj-sorg-def.json
ERROR:  Failed to decipher auth data. reason: Unsupported state or unable to authenticate data.
~/github/github-page/mohan-chinnappan-n.github.io/dx:
$ sfdc force:auth:web:log -d -a DevHub
-bash: sfdc: command not found
~/github/github-page/mohan-chinnappan-n.github.io/dx:
$ sfdx force:auth:web:log -d -a DevHub
 ▸    force:auth:web:log is not a sfdx command.
 ▸    Perhaps you meant force:auth:web:login
 ▸    Run sfdx help force for a list of available topics.
~/github/github-page/mohan-chinnappan-n.github.io/dx:
$ sfdx force:auth:web:login -d -a DevHub
Successfully authorized mohan.chinnappan.n2.devhub@gmail.com with org ID 00D1I000003nO9oUAE
You may now close the browser
~/github/github-page/mohan-chinnappan-n.github.io/dx:
$ sfdx force:org:create -s name=mohansun_sorg_1 -f prj-sorg-def.json
ERROR:  Unable to create/update fields: Name. Please check the security settings of this field and verify that it is read/write for your profile or permission set.
~/github/github-page/mohan-chinnappan-n.github.io/dx:
$ sfdx force:org:create -s name=mohansun_sorg_1
ERROR:  Unable to create/update fields: Name. Please check the security settings of this field and verify that it is read/write for your profile or permission set.
~/github/github-page/mohan-chinnappan-n.github.io/dx:
$ sfdx force:org:open -h
Usage: sfdx force:org:open [-p <string>] [-r] [-u <string>] [--json] [--loglevel <string>]

open an org in your browser

Flags:
 -p, --path PATH                      navigation URL path
 -u, --targetusername TARGETUSERNAME  username or alias for the target org;
                                      overrides default target org
 -r, --urlonly                        display navigation URL, but don’t launch
                                      browser
 --json                               format output as json
 --loglevel LOGLEVEL                  logging level for this command invocation
                                      (error*,trace,debug,info,warn,fatal)

Opens your default scratch org, or another org that you specify.

To open a specific page, specify the portion of the URL after "yourInstance.salesforce.com/" as --path.
For example, specify "--path one/one.app" to open Lightning Experience, or specify "--path /apex/YourPage" to open a Visualforce page.

To generate a URL but not launch your browser, specify --urlonly.

Examples:
  $ sfdx force:org:open
  $ sfdx force:org:open -u me@my.org
  $ sfdx force:org:open -u MyTestOrg1
  $ sfdx force:org:open -r -p one/one.app

~/github/github-page/mohan-chinnappan-n.github.io/dx:
$ sfdc force:project -h
-bash: sfdc: command not found
~/github/github-page/mohan-chinnappan-n.github.io/dx:
$ sfdx force:project -h
Usage: sfdx force:project:COMMAND [command-specific-options]

set up a Salesforce DX project

sfdx force:project commands: (get help with sfdx help force:project:COMMAND)
 force:project:create   create a new SFDX project
 force:project:upgrade  update project config files to the latest format

~/github/github-page/mohan-chinnappan-n.github.io/dx:
$ sfdx force:project:create -n pevents
target dir = /Users/mchinnappan/github/github-page/mohan-chinnappan-n.github.io/dx
   create pevents/sfdx-project.json
   create pevents/README.md
   create pevents/config/project-scratch-def.json

~/github/github-page/mohan-chinnappan-n.github.io/dx:
$ ls
pevents			prj-sorg-def.json
~/github/github-page/mohan-chinnappan-n.github.io/dx:
$ cd pevents/
~/github/github-page/mohan-chinnappan-n.github.io/dx/pevents:
$ ls
README.md		config			force-app		sfdx-project.json
~/github/github-page/mohan-chinnappan-n.github.io/dx/pevents:
$ tree
.
├── README.md
├── config
│   └── project-scratch-def.json
├── force-app
│   └── main
│       └── default
│           └── aura
└── sfdx-project.json

5 directories, 3 files
~/github/github-page/mohan-chinnappan-n.github.io/dx/pevents:
$ cat config/project-scratch-def.json | jq
{
  "orgName": "mchinnappan Company",
  "edition": "Developer",
  "orgPreferences": {
    "enabled": [
      "S1DesktopEnabled"
    ]
  }
}
~/github/github-page/mohan-chinnappan-n.github.io/dx/pevents:
$ cat sfdx-project.json | jq
{
  "packageDirectories": [
    {
      "path": "force-app",
      "default": true
    }
  ],
  "namespace": "",
  "sfdcLoginUrl": "https://login.salesforce.com",
  "sourceApiVersion": "41.0"
}
~/github/github-page/mohan-chinnappan-n.github.io/dx/pevents:
$ pwd
/Users/mchinnappan/github/github-page/mohan-chinnappan-n.github.io/dx/pevents
~/github/github-page/mohan-chinnappan-n.github.io/dx/pevents:
$ sfdx force:org:create -h
Usage: sfdx force:org:create name=value... [-f <filepath>] [-n] [-c] [-i <string>] [-s] [-a <string>] [-w <minutes>] [-d <number>] [-v <string>] [--json] [--loglevel <string>]

create a scratch org

Flags:
 -i, --clientid CLIENTID                          connected app consumer key
 -f, --definitionfile DEFINITIONFILE              path to a scratch org
                                                  definition file
 -d, --durationdays DURATIONDAYS                  duration of the scratch org
                                                  (in days) (default:7, min:1,
                                                  max:30)
 -c, --noancestors                                do not include
                                                  second-generation package
                                                  ancestors in the scratch org
 -n, --nonamespace                                creates the scratch org with
                                                  no namespace
 -a, --setalias SETALIAS                          set an alias for for the
                                                  created scratch org
 -s, --setdefaultusername                         set the created org as the
                                                  default username
 -v, --targetdevhubusername TARGETDEVHUBUSERNAME  username or alias for the dev
                                                  hub org; overrides default dev
                                                  hub org
 -w, --wait WAIT                                  the streaming client socket
                                                  timeout (in minutes)
                                                  (default:6, min:2)
 --json                                           format output as json
 --loglevel LOGLEVEL                              logging level for this command
                                                  invocation
                                                  (error*,trace,debug,info,warn,fatal)

To set up a connected app for your new scratch org, specify the value that was returned when you created a connected app in your Dev Hub org as --clientid.

Examples:
   $ sfdx force:org:create -f config/enterprise-scratch-def.json -a TestOrg1
   $ sfdx force:org:create -a MyDevOrg -s -v me@myhub.org edition=Developer
   $ sfdx force:org:create -f config/enterprise-scratch-def.json -a OrgWithOverrides username=testuser1@mycompany.org

~/github/github-page/mohan-chinnappan-n.github.io/dx/pevents:
$ sfdx force:org:create -s -f config/project-scratch-def.json -a peventsApp
Successfully created scratch org: 00DR00000001rrcMAA, username: test-i9w3rh2ypmbg@mchinnappan_company.net
~/github/github-page/mohan-chinnappan-n.github.io/dx/pevents:
$ sfdx force:org:open
Access org 00DR00000001rrcMAA as user test-i9w3rh2ypmbg@mchinnappan_company.net with the following URL: https://platform-saas-97-dev-ed.cs2.my.salesforce.com/secur/frontdoor.jsp?sid=00DR00000001rrc!AQMAQG2E9mbeXhQ2Q8HPqzGwde_asTWeo4NQarZ.8rlkKmBzs3iCmBHMhqmn6imh72C4ouMnBzGfNks7hpymHO8DP_I1bAlP
~/github/github-page/mohan-chinnappan-n.github.io/dx/pevents:
$ cd ..
~/github/github-page/mohan-chinnappan-n.github.io/dx:
$ mkdir img
~/github/github-page/mohan-chinnappan-n.github.io/dx:
$ mv /Users/mchinnappan/Desktop/dx-active-sorgs.png /Users/mchinnappan/Desktop/dx-devhub-org.png /Users/mchinnappan/Desktop/dx-first-time-login-allow-access-dlg.png /Users/mchinnappan/Desktop/Screen\ Shot\ 2017-11-30\ at\ 1.06.58\ PM.png /Users/mchinnappan/Desktop/dx-login-to-DevHub.png /Users/mchinnappan/Desktop/FMR-SF1-App.png  .
~/github/github-page/mohan-chinnappan-n.github.io/dx:
$
